Info: Starting: Create block symbol file (.bsf)
Info: qsys-generate "E:\McGill\McGill U3\McGill U3 W2021\ecse 325\g06 Final project\g06_SHA256_system.qsys" --block-symbol-file --output-directory="E:\McGill\McGill U3\McGill U3 W2021\ecse 325\g06 Final project" --family="Cyclone V" --part=5CSEMA5F31C6
Progress: Loading g06 Final project/g06_SHA256_system.qsys
Progress: Reading input file
Progress: Adding HEX3_HEX0 [altera_avalon_pio 16.1]
Progress: Parameterizing module HEX3_HEX0
Progress: Adding HEX5_HEX4 [altera_avalon_pio 16.1]
Progress: Parameterizing module HEX5_HEX4
Progress: Adding LEDS [altera_avalon_pio 16.1]
Progress: Parameterizing module LEDS
Progress: Adding PUSHBUTTONS [altera_avalon_pio 16.1]
Progress: Parameterizing module PUSHBUTTONS
Progress: Adding SWITCHES [altera_avalon_pio 16.1]
Progress: Parameterizing module SWITCHES
Progress: Adding clk_0 [clock_source 16.1]
Progress: Parameterizing module clk_0
Progress: Adding hps_0 [altera_hps 16.1]
Progress: Parameterizing module hps_0
Progress: Building connections
Progress: Parameterizing connections
Progress: Validating
Progress: Done reading input file
Info: g06_SHA256_system.PUSHBUTTONS: PIO inputs are not hardwired in test bench. Undefined values will be read from PIO inputs during simulation.
Info: g06_SHA256_system.SWITCHES: PIO inputs are not hardwired in test bench. Undefined values will be read from PIO inputs during simulation.
Info: g06_SHA256_system.hps_0: HPS Main PLL counter settings: n = 0  m = 73
Info: g06_SHA256_system.hps_0: HPS peripherial PLL counter settings: n = 0  m = 39
Warning: g06_SHA256_system.hps_0: "Configuration/HPS-to-FPGA user 0 clock frequency" (desired_cfg_clk_mhz) requested 100.0 MHz, but only achieved 97.368421 MHz
Warning: g06_SHA256_system.hps_0: "QSPI clock frequency" (desired_qspi_clk_mhz) requested 400.0 MHz, but only achieved 370.0 MHz
Warning: g06_SHA256_system.hps_0: 1 or more output clock frequencies cannot be achieved precisely, consider revising desired output clock frequencies.
Info: g06_SHA256_system.hps_0: ECC will be enabled in the preloader because an interface width of 24 or 40 has been chosen.
Warning: g06_SHA256_system.hps_0: hps_0.f2h_stm_hw_events must be exported, or connected to a matching conduit.
Info: qsys-generate succeeded.
Info: Finished: Create block symbol file (.bsf)
Info: 
Info: Starting: Create HDL design files for synthesis
Info: qsys-generate "E:\McGill\McGill U3\McGill U3 W2021\ecse 325\g06 Final project\g06_SHA256_system.qsys" --synthesis=VHDL --output-directory="E:\McGill\McGill U3\McGill U3 W2021\ecse 325\g06 Final project\synthesis" --family="Cyclone V" --part=5CSEMA5F31C6
Progress: Loading g06 Final project/g06_SHA256_system.qsys
Progress: Reading input file
Progress: Adding HEX3_HEX0 [altera_avalon_pio 16.1]
Progress: Parameterizing module HEX3_HEX0
Progress: Adding HEX5_HEX4 [altera_avalon_pio 16.1]
Progress: Parameterizing module HEX5_HEX4
Progress: Adding LEDS [altera_avalon_pio 16.1]
Progress: Parameterizing module LEDS
Progress: Adding PUSHBUTTONS [altera_avalon_pio 16.1]
Progress: Parameterizing module PUSHBUTTONS
Progress: Adding SWITCHES [altera_avalon_pio 16.1]
Progress: Parameterizing module SWITCHES
Progress: Adding clk_0 [clock_source 16.1]
Progress: Parameterizing module clk_0
Progress: Adding hps_0 [altera_hps 16.1]
Progress: Parameterizing module hps_0
Progress: Building connections
Progress: Parameterizing connections
Progress: Validating
Progress: Done reading input file
Info: g06_SHA256_system.PUSHBUTTONS: PIO inputs are not hardwired in test bench. Undefined values will be read from PIO inputs during simulation.
Info: g06_SHA256_system.SWITCHES: PIO inputs are not hardwired in test bench. Undefined values will be read from PIO inputs during simulation.
Info: g06_SHA256_system.hps_0: HPS Main PLL counter settings: n = 0  m = 73
Info: g06_SHA256_system.hps_0: HPS peripherial PLL counter settings: n = 0  m = 39
Warning: g06_SHA256_system.hps_0: "Configuration/HPS-to-FPGA user 0 clock frequency" (desired_cfg_clk_mhz) requested 100.0 MHz, but only achieved 97.368421 MHz
Warning: g06_SHA256_system.hps_0: "QSPI clock frequency" (desired_qspi_clk_mhz) requested 400.0 MHz, but only achieved 370.0 MHz
Warning: g06_SHA256_system.hps_0: 1 or more output clock frequencies cannot be achieved precisely, consider revising desired output clock frequencies.
Info: g06_SHA256_system.hps_0: ECC will be enabled in the preloader because an interface width of 24 or 40 has been chosen.
Warning: g06_SHA256_system.hps_0: hps_0.f2h_stm_hw_events must be exported, or connected to a matching conduit.
Info: g06_SHA256_system: Generating g06_SHA256_system "g06_SHA256_system" for QUARTUS_SYNTH
Warning: hps_0.f2h_irq0: Cannot connect clock for irq_mapper.sender
Warning: hps_0.f2h_irq0: Cannot connect reset for irq_mapper.sender
Warning: hps_0.f2h_irq1: Cannot connect clock for irq_mapper_001.sender
Warning: hps_0.f2h_irq1: Cannot connect reset for irq_mapper_001.sender
Info: HEX3_HEX0: Starting RTL generation for module 'g06_SHA256_system_HEX3_HEX0'
Info: HEX3_HEX0:   Generation command is [exec D:/intelfpga_lite/16.1/quartus/bin64/perl/bin/perl.exe -I D:/intelfpga_lite/16.1/quartus/bin64/perl/lib -I D:/intelfpga_lite/16.1/quartus/sopc_builder/bin/europa -I D:/intelfpga_lite/16.1/quartus/sopc_builder/bin/perl_lib -I D:/intelfpga_lite/16.1/quartus/sopc_builder/bin -I D:/intelfpga_lite/16.1/quartus/../ip/altera/sopc_builder_ip/common -I D:/intelfpga_lite/16.1/quartus/../ip/altera/sopc_builder_ip/altera_avalon_pio -- D:/intelfpga_lite/16.1/quartus/../ip/altera/sopc_builder_ip/altera_avalon_pio/generate_rtl.pl --name=g06_SHA256_system_HEX3_HEX0 --dir=C:/Users/alfre/AppData/Local/Temp/alt8732_1111259481082470281.dir/0001_HEX3_HEX0_gen/ --quartus_dir=D:/intelfpga_lite/16.1/quartus --verilog --config=C:/Users/alfre/AppData/Local/Temp/alt8732_1111259481082470281.dir/0001_HEX3_HEX0_gen//g06_SHA256_system_HEX3_HEX0_component_configuration.pl  --do_build_sim=0  ]
Info: HEX3_HEX0: Done RTL generation for module 'g06_SHA256_system_HEX3_HEX0'
Info: HEX3_HEX0: "g06_SHA256_system" instantiated altera_avalon_pio "HEX3_HEX0"
Info: HEX5_HEX4: Starting RTL generation for module 'g06_SHA256_system_HEX5_HEX4'
Info: HEX5_HEX4:   Generation command is [exec D:/intelfpga_lite/16.1/quartus/bin64/perl/bin/perl.exe -I D:/intelfpga_lite/16.1/quartus/bin64/perl/lib -I D:/intelfpga_lite/16.1/quartus/sopc_builder/bin/europa -I D:/intelfpga_lite/16.1/quartus/sopc_builder/bin/perl_lib -I D:/intelfpga_lite/16.1/quartus/sopc_builder/bin -I D:/intelfpga_lite/16.1/quartus/../ip/altera/sopc_builder_ip/common -I D:/intelfpga_lite/16.1/quartus/../ip/altera/sopc_builder_ip/altera_avalon_pio -- D:/intelfpga_lite/16.1/quartus/../ip/altera/sopc_builder_ip/altera_avalon_pio/generate_rtl.pl --name=g06_SHA256_system_HEX5_HEX4 --dir=C:/Users/alfre/AppData/Local/Temp/alt8732_1111259481082470281.dir/0002_HEX5_HEX4_gen/ --quartus_dir=D:/intelfpga_lite/16.1/quartus --verilog --config=C:/Users/alfre/AppData/Local/Temp/alt8732_1111259481082470281.dir/0002_HEX5_HEX4_gen//g06_SHA256_system_HEX5_HEX4_component_configuration.pl  --do_build_sim=0  ]
Info: HEX5_HEX4: Done RTL generation for module 'g06_SHA256_system_HEX5_HEX4'
Info: HEX5_HEX4: "g06_SHA256_system" instantiated altera_avalon_pio "HEX5_HEX4"
Info: LEDS: Starting RTL generation for module 'g06_SHA256_system_LEDS'
Info: LEDS:   Generation command is [exec D:/intelfpga_lite/16.1/quartus/bin64/perl/bin/perl.exe -I D:/intelfpga_lite/16.1/quartus/bin64/perl/lib -I D:/intelfpga_lite/16.1/quartus/sopc_builder/bin/europa -I D:/intelfpga_lite/16.1/quartus/sopc_builder/bin/perl_lib -I D:/intelfpga_lite/16.1/quartus/sopc_builder/bin -I D:/intelfpga_lite/16.1/quartus/../ip/altera/sopc_builder_ip/common -I D:/intelfpga_lite/16.1/quartus/../ip/altera/sopc_builder_ip/altera_avalon_pio -- D:/intelfpga_lite/16.1/quartus/../ip/altera/sopc_builder_ip/altera_avalon_pio/generate_rtl.pl --name=g06_SHA256_system_LEDS --dir=C:/Users/alfre/AppData/Local/Temp/alt8732_1111259481082470281.dir/0003_LEDS_gen/ --quartus_dir=D:/intelfpga_lite/16.1/quartus --verilog --config=C:/Users/alfre/AppData/Local/Temp/alt8732_1111259481082470281.dir/0003_LEDS_gen//g06_SHA256_system_LEDS_component_configuration.pl  --do_build_sim=0  ]
Info: LEDS: Done RTL generation for module 'g06_SHA256_system_LEDS'
Info: LEDS: "g06_SHA256_system" instantiated altera_avalon_pio "LEDS"
Info: PUSHBUTTONS: Starting RTL generation for module 'g06_SHA256_system_PUSHBUTTONS'
Info: PUSHBUTTONS:   Generation command is [exec D:/intelfpga_lite/16.1/quartus/bin64/perl/bin/perl.exe -I D:/intelfpga_lite/16.1/quartus/bin64/perl/lib -I D:/intelfpga_lite/16.1/quartus/sopc_builder/bin/europa -I D:/intelfpga_lite/16.1/quartus/sopc_builder/bin/perl_lib -I D:/intelfpga_lite/16.1/quartus/sopc_builder/bin -I D:/intelfpga_lite/16.1/quartus/../ip/altera/sopc_builder_ip/common -I D:/intelfpga_lite/16.1/quartus/../ip/altera/sopc_builder_ip/altera_avalon_pio -- D:/intelfpga_lite/16.1/quartus/../ip/altera/sopc_builder_ip/altera_avalon_pio/generate_rtl.pl --name=g06_SHA256_system_PUSHBUTTONS --dir=C:/Users/alfre/AppData/Local/Temp/alt8732_1111259481082470281.dir/0004_PUSHBUTTONS_gen/ --quartus_dir=D:/intelfpga_lite/16.1/quartus --verilog --config=C:/Users/alfre/AppData/Local/Temp/alt8732_1111259481082470281.dir/0004_PUSHBUTTONS_gen//g06_SHA256_system_PUSHBUTTONS_component_configuration.pl  --do_build_sim=0  ]
Info: PUSHBUTTONS: Done RTL generation for module 'g06_SHA256_system_PUSHBUTTONS'
Info: PUSHBUTTONS: "g06_SHA256_system" instantiated altera_avalon_pio "PUSHBUTTONS"
Info: SWITCHES: Starting RTL generation for module 'g06_SHA256_system_SWITCHES'
Info: SWITCHES:   Generation command is [exec D:/intelfpga_lite/16.1/quartus/bin64/perl/bin/perl.exe -I D:/intelfpga_lite/16.1/quartus/bin64/perl/lib -I D:/intelfpga_lite/16.1/quartus/sopc_builder/bin/europa -I D:/intelfpga_lite/16.1/quartus/sopc_builder/bin/perl_lib -I D:/intelfpga_lite/16.1/quartus/sopc_builder/bin -I D:/intelfpga_lite/16.1/quartus/../ip/altera/sopc_builder_ip/common -I D:/intelfpga_lite/16.1/quartus/../ip/altera/sopc_builder_ip/altera_avalon_pio -- D:/intelfpga_lite/16.1/quartus/../ip/altera/sopc_builder_ip/altera_avalon_pio/generate_rtl.pl --name=g06_SHA256_system_SWITCHES --dir=C:/Users/alfre/AppData/Local/Temp/alt8732_1111259481082470281.dir/0005_SWITCHES_gen/ --quartus_dir=D:/intelfpga_lite/16.1/quartus --verilog --config=C:/Users/alfre/AppData/Local/Temp/alt8732_1111259481082470281.dir/0005_SWITCHES_gen//g06_SHA256_system_SWITCHES_component_configuration.pl  --do_build_sim=0  ]
Info: SWITCHES: Done RTL generation for module 'g06_SHA256_system_SWITCHES'
Info: SWITCHES: "g06_SHA256_system" instantiated altera_avalon_pio "SWITCHES"
Info: hps_0: "Running  for module: hps_0"
Info: hps_0: HPS Main PLL counter settings: n = 0  m = 73
Info: hps_0: HPS peripherial PLL counter settings: n = 0  m = 39
Warning: hps_0: "Configuration/HPS-to-FPGA user 0 clock frequency" (desired_cfg_clk_mhz) requested 100.0 MHz, but only achieved 97.368421 MHz
Warning: hps_0: "QSPI clock frequency" (desired_qspi_clk_mhz) requested 400.0 MHz, but only achieved 370.0 MHz
Warning: hps_0: 1 or more output clock frequencies cannot be achieved precisely, consider revising desired output clock frequencies.
Info: hps_0: ECC will be enabled in the preloader because an interface width of 24 or 40 has been chosen.
Info: hps_0: "g06_SHA256_system" instantiated altera_hps "hps_0"
Info: avalon_st_adapter: Inserting error_adapter: error_adapter_0
Info: avalon_st_adapter_001: Inserting error_adapter: error_adapter_0
Info: avalon_st_adapter_002: Inserting error_adapter: error_adapter_0
Info: avalon_st_adapter_003: Inserting error_adapter: error_adapter_0
Info: avalon_st_adapter_004: Inserting error_adapter: error_adapter_0
Info: mm_interconnect_0: "g06_SHA256_system" instantiated altera_mm_interconnect "mm_interconnect_0"
Info: irq_mapper: "g06_SHA256_system" instantiated altera_irq_mapper "irq_mapper"
Info: irq_mapper_001: "g06_SHA256_system" instantiated altera_irq_mapper "irq_mapper_001"
Info: rst_controller: "g06_SHA256_system" instantiated altera_reset_controller "rst_controller"
Info: fpga_interfaces: "hps_0" instantiated altera_interface_generator "fpga_interfaces"
Info: hps_io: "hps_0" instantiated altera_hps_io "hps_io"
Info: PUSHBUTTONS_s1_translator: "mm_interconnect_0" instantiated altera_merlin_slave_translator "PUSHBUTTONS_s1_translator"
Info: hps_0_h2f_lw_axi_master_agent: "mm_interconnect_0" instantiated altera_merlin_axi_master_ni "hps_0_h2f_lw_axi_master_agent"
Info: PUSHBUTTONS_s1_agent: "mm_interconnect_0" instantiated altera_merlin_slave_agent "PUSHBUTTONS_s1_agent"
Info: PUSHBUTTONS_s1_agent_rsp_fifo: "mm_interconnect_0" instantiated altera_avalon_sc_fifo "PUSHBUTTONS_s1_agent_rsp_fifo"
Info: router: "mm_interconnect_0" instantiated altera_merlin_router "router"
Info: router_002: "mm_interconnect_0" instantiated altera_merlin_router "router_002"
Info: hps_0_h2f_lw_axi_master_wr_limiter: "mm_interconnect_0" instantiated altera_merlin_traffic_limiter "hps_0_h2f_lw_axi_master_wr_limiter"
Info: Reusing file E:/McGill/McGill U3/McGill U3 W2021/ecse 325/g06 Final project/synthesis/submodules/altera_avalon_sc_fifo.v
Info: PUSHBUTTONS_s1_burst_adapter: "mm_interconnect_0" instantiated altera_merlin_burst_adapter "PUSHBUTTONS_s1_burst_adapter"
Info: Reusing file E:/McGill/McGill U3/McGill U3 W2021/ecse 325/g06 Final project/synthesis/submodules/altera_merlin_address_alignment.sv
Info: Reusing file E:/McGill/McGill U3/McGill U3 W2021/ecse 325/g06 Final project/synthesis/submodules/altera_avalon_st_pipeline_base.v
Info: cmd_demux: "mm_interconnect_0" instantiated altera_merlin_demultiplexer "cmd_demux"
Info: cmd_mux: "mm_interconnect_0" instantiated altera_merlin_multiplexer "cmd_mux"
Info: rsp_demux: "mm_interconnect_0" instantiated altera_merlin_demultiplexer "rsp_demux"
Info: rsp_mux: "mm_interconnect_0" instantiated altera_merlin_multiplexer "rsp_mux"
Info: Reusing file E:/McGill/McGill U3/McGill U3 W2021/ecse 325/g06 Final project/synthesis/submodules/altera_merlin_arbitrator.sv
Info: avalon_st_adapter: "mm_interconnect_0" instantiated altera_avalon_st_adapter "avalon_st_adapter"
Info: border: "hps_io" instantiated altera_interface_generator "border"
Info: error_adapter_0: "avalon_st_adapter" instantiated error_adapter "error_adapter_0"
Info: g06_SHA256_system: Done "g06_SHA256_system" with 28 modules, 87 files
Info: qsys-generate succeeded.
Info: Finished: Create HDL design files for synthesis
